
> khadamati@0.1.0 build
> next build

Γû▓ Next.js 16.1.6 (Turbopack)
- Environments: .env.local

  Creating an optimized production build ...
Γ£ô Compiled successfully in 3.5s
  Running TypeScript ...
node.exe : Failed to 
compile.
At line:1 char:1
+ & "C:\Program 
Files\nodejs/node.exe" 
"C:\Program 
Files\nodejs/node_mo 
...
+ ~~~~~~~~~~~~~~~~~~~~~
~~~~~~~~~~~~~~~~~~~~~~~
~~~~~~~~~~~~~~~~~~~~~~~
~~
    + CategoryInfo     
         : NotSpecifi  
  ed: (Failed to com   
 pile.:String) [],     
RemoteException
    + FullyQualifiedEr 
   rorId : NativeComm  
  andError
 

./app/layout.tsx:7:28
Type error: Cannot 
find module '@/componen
ts/ui/cursor-dots' or 
its corresponding type 
declarations.

[0m [90m  5 |[39m 
[36mimport[39m { 
[33mAuthProvider[39m 
} [36mfrom[39m [32m"
@/context/AuthContext"
[39m[33m;[39m
 [90m  6 |[39m 
[36mimport[39m { 
[33mChatbot[39m } 
[36mfrom[39m [32m"@/
components/Chatbot"[39
m[33m;[39m
[31m[1m>[22m[39m[9
0m  7 |[39m 
[36mimport[39m { 
[33mCursorDots[39m } 
[36mfrom[39m [32m"@/
components/ui/cursor-do
ts"[39m[33m;[39m
 [90m    |[39m       
                     
[31m[1m^[22m[39m
 [90m  8 |[39m
 [90m  9 |[39m 
[90m// Define the LBC 
font[39m
 [90m 10 |[39m 
[36mconst[39m lbc 
[33m=[39m 
localFont({[0m
Next.js build worker 
exited with code: 1 
and signal: null
