
> khadamati@0.1.0 build
> next build

Γû▓ Next.js 16.1.6 (Turbopack)
- Environments: .env.local

  Creating an optimized production build ...
node.exe : 
At line:1 char:1
+ & "C:\Program 
Files\nodejs/node.exe" 
"C:\Program 
Files\nodejs/node_mo ...
+ ~~~~~~~~~~~~~~~~~~~~~~
~~~~~~~~~~~~~~~~~~~~~~~~
~~~~~~~~~~~~~~~~~~~~~~~
    + CategoryInfo      
        : NotSpecified  
  : (:String) [], Rem   
 oteException
    + FullyQualifiedErr 
   orId : NativeComman  
  dError
 
> Build error occurred
Error: Turbopack build 
failed with 1 errors:
./app/api/chat/route.ts:
1:1
Module not found: Can't 
resolve '@ai-sdk/openai'
[0m[31m[1m>[22m[39m
[90m 1 |[39m 
[36mimport[39m { 
openai } [36mfrom[39m 
[32m"@ai-sdk/openai"[3
9m[33m;[39m
 [90m   |[39m [31m[1
m^[22m[39m[31m[1m^[
22m[39m[31m[1m^[22m
[39m[31m[1m^[22m[39m
[31m[1m^[22m[39m[31
m[1m^[22m[39m[31m[1
m^[22m[39m[31m[1m^[
22m[39m[31m[1m^[22m
[39m[31m[1m^[22m[39m
[31m[1m^[22m[39m[31
m[1m^[22m[39m[31m[1
m^[22m[39m[31m[1m^[
22m[39m[31m[1m^[22m
[39m[31m[1m^[22m[39m
[31m[1m^[22m[39m[31
m[1m^[22m[39m[31m[1
m^[22m[39m[31m[1m^[
22m[39m[31m[1m^[22m
[39m[31m[1m^[22m[39m
[31m[1m^[22m[39m[31
m[1m^[22m[39m[31m[1
m^[22m[39m[31m[1m^[
22m[39m[31m[1m^[22m
[39m[31m[1m^[22m[39m
[31m[1m^[22m[39m[31
m[1m^[22m[39m[31m[1
m^[22m[39m[31m[1m^[
22m[39m[31m[1m^[22m
[39m[31m[1m^[22m[39m
[31m[1m^[22m[39m[31
m[1m^[22m[39m[31m[1
m^[22m[39m[31m[1m^[
22m[39m[31m[1m^[22m
[39m[31m[1m^[22m[39m
 [90m 2 |[39m 
[36mimport[39m { 
streamText } 
[36mfrom[39m [32m"ai"
[39m[33m;[39m
 [90m 3 |[39m
 [90m 4 |[39m 
[36mexport[39m 
[36mconst[39m 
maxDuration [33m=[39m 
[35m30[39m[33m;[39m
[0m



https://nextjs.org/docs/
messages/module-not-foun
d


    at <unknown> (./app/
api/chat/route.ts:1:1)
    at <unknown> (https:
//nextjs.org/docs/messag
es/module-not-found)
